src/App.tsx(658,159): error TS2322: Type '{ children: Element; className: string; initial: { x: number; opacity: number; }; animate: { x: number; opacity: number; }; transition: { duration: number; type: string; stiffness: number; damping: number; delay: number; }; }' is not assignable to type 'DetailedHTMLProps<HTMLAttributes<HTMLDivElement>, HTMLDivElement>'.
  Property 'initial' does not exist on type 'DetailedHTMLProps<HTMLAttributes<HTMLDivElement>, HTMLDivElement>'.
src/components/FloatingShapes.tsx(3,20): error TS2307: Cannot find module '../styles/Home.module.css' or its corresponding type declarations.
src/components/Hero.tsx(4,20): error TS2307: Cannot find module '../styles/Home.module.css' or its corresponding type declarations.
src/components/Hero.tsx(69,47): error TS2322: Type '{ hidden: { opacity: number; y: number; }; visible: (i?: number) => { opacity: number; y: number; transition: { delay: number; type: string; stiffness: number; damping: number; }; }; }' is not assignable to type 'Variants'.
  Property 'visible' is incompatible with index signature.
    Type '(i?: number) => { opacity: number; y: number; transition: { delay: number; type: string; stiffness: number; damping: number; }; }' is not assignable to type 'Variant'.
      Type '(i?: number) => { opacity: number; y: number; transition: { delay: number; type: string; stiffness: number; damping: number; }; }' is not assignable to type 'TargetResolver'.
        Type '{ opacity: number; y: number; transition: { delay: number; type: string; stiffness: number; damping: number; }; }' is not assignable to type 'string | TargetAndTransition'.
          Type '{ opacity: number; y: number; transition: { delay: number; type: string; stiffness: number; damping: number; }; }' is not assignable to type 'TargetAndTransition'.
            Type '{ opacity: number; y: number; transition: { delay: number; type: string; stiffness: number; damping: number; }; }' is not assignable to type '{ transition?: Transition<any> | undefined; transitionEnd?: ResolvedValues$1 | undefined; }'.
              Types of property 'transition' are incompatible.
                Type '{ delay: number; type: string; stiffness: number; damping: number; }' is not assignable to type 'Transition<any> | undefined'.
                  Type '{ delay: number; type: string; stiffness: number; damping: number; }' is not assignable to type 'TransitionWithValueOverrides<any>'.
                    Type '{ delay: number; type: string; stiffness: number; damping: number; }' is not assignable to type 'ValueAnimationTransition<any>'.
                      Types of property 'type' are incompatible.
                        Type 'string' is not assignable to type 'AnimationGeneratorType | undefined'.
src/components/Hero.tsx(70,37): error TS2322: Type '{ hidden: { opacity: number; y: number; }; visible: (i?: number) => { opacity: number; y: number; transition: { delay: number; type: string; stiffness: number; damping: number; }; }; }' is not assignable to type 'Variants'.
  Property 'visible' is incompatible with index signature.
    Type '(i?: number) => { opacity: number; y: number; transition: { delay: number; type: string; stiffness: number; damping: number; }; }' is not assignable to type 'Variant'.
      Type '(i?: number) => { opacity: number; y: number; transition: { delay: number; type: string; stiffness: number; damping: number; }; }' is not assignable to type 'TargetResolver'.
        Type '{ opacity: number; y: number; transition: { delay: number; type: string; stiffness: number; damping: number; }; }' is not assignable to type 'string | TargetAndTransition'.
          Type '{ opacity: number; y: number; transition: { delay: number; type: string; stiffness: number; damping: number; }; }' is not assignable to type 'TargetAndTransition'.
            Type '{ opacity: number; y: number; transition: { delay: number; type: string; stiffness: number; damping: number; }; }' is not assignable to type '{ transition?: Transition<any> | undefined; transitionEnd?: ResolvedValues$1 | undefined; }'.
              Types of property 'transition' are incompatible.
                Type '{ delay: number; type: string; stiffness: number; damping: number; }' is not assignable to type 'Transition<any> | undefined'.
                  Type '{ delay: number; type: string; stiffness: number; damping: number; }' is not assignable to type 'TransitionWithValueOverrides<any>'.
                    Type '{ delay: number; type: string; stiffness: number; damping: number; }' is not assignable to type 'ValueAnimationTransition<any>'.
                      Types of property 'type' are incompatible.
                        Type 'string' is not assignable to type 'AnimationGeneratorType | undefined'.
src/components/Hero.tsx(71,37): error TS2322: Type '{ hidden: { opacity: number; y: number; }; visible: (i?: number) => { opacity: number; y: number; transition: { delay: number; type: string; stiffness: number; damping: number; }; }; }' is not assignable to type 'Variants'.
  Property 'visible' is incompatible with index signature.
    Type '(i?: number) => { opacity: number; y: number; transition: { delay: number; type: string; stiffness: number; damping: number; }; }' is not assignable to type 'Variant'.
      Type '(i?: number) => { opacity: number; y: number; transition: { delay: number; type: string; stiffness: number; damping: number; }; }' is not assignable to type 'TargetResolver'.
        Type '{ opacity: number; y: number; transition: { delay: number; type: string; stiffness: number; damping: number; }; }' is not assignable to type 'string | TargetAndTransition'.
          Type '{ opacity: number; y: number; transition: { delay: number; type: string; stiffness: number; damping: number; }; }' is not assignable to type 'TargetAndTransition'.
            Type '{ opacity: number; y: number; transition: { delay: number; type: string; stiffness: number; damping: number; }; }' is not assignable to type '{ transition?: Transition<any> | undefined; transitionEnd?: ResolvedValues$1 | undefined; }'.
              Types of property 'transition' are incompatible.
                Type '{ delay: number; type: string; stiffness: number; damping: number; }' is not assignable to type 'Transition<any> | undefined'.
                  Type '{ delay: number; type: string; stiffness: number; damping: number; }' is not assignable to type 'TransitionWithValueOverrides<any>'.
                    Type '{ delay: number; type: string; stiffness: number; damping: number; }' is not assignable to type 'ValueAnimationTransition<any>'.
                      Types of property 'type' are incompatible.
                        Type 'string' is not assignable to type 'AnimationGeneratorType | undefined'.
src/components/Hero.tsx(76,60): error TS2322: Type '{ hidden: { opacity: number; y: number; }; visible: (i?: number) => { opacity: number; y: number; transition: { delay: number; type: string; stiffness: number; damping: number; }; }; }' is not assignable to type 'Variants'.
  Property 'visible' is incompatible with index signature.
    Type '(i?: number) => { opacity: number; y: number; transition: { delay: number; type: string; stiffness: number; damping: number; }; }' is not assignable to type 'Variant'.
      Type '(i?: number) => { opacity: number; y: number; transition: { delay: number; type: string; stiffness: number; damping: number; }; }' is not assignable to type 'TargetResolver'.
        Type '{ opacity: number; y: number; transition: { delay: number; type: string; stiffness: number; damping: number; }; }' is not assignable to type 'string | TargetAndTransition'.
          Type '{ opacity: number; y: number; transition: { delay: number; type: string; stiffness: number; damping: number; }; }' is not assignable to type 'TargetAndTransition'.
            Type '{ opacity: number; y: number; transition: { delay: number; type: string; stiffness: number; damping: number; }; }' is not assignable to type '{ transition?: Transition<any> | undefined; transitionEnd?: ResolvedValues$1 | undefined; }'.
              Types of property 'transition' are incompatible.
                Type '{ delay: number; type: string; stiffness: number; damping: number; }' is not assignable to type 'Transition<any> | undefined'.
                  Type '{ delay: number; type: string; stiffness: number; damping: number; }' is not assignable to type 'TransitionWithValueOverrides<any>'.
                    Type '{ delay: number; type: string; stiffness: number; damping: number; }' is not assignable to type 'ValueAnimationTransition<any>'.
                      Types of property 'type' are incompatible.
                        Type 'string' is not assignable to type 'AnimationGeneratorType | undefined'.
src/components/Hero.tsx(85,15): error TS2322: Type '{ hidden: { opacity: number; y: number; scale: number; }; visible: (i?: number) => { opacity: number; y: number; scale: number; transition: { delay: number; type: string; stiffness: number; damping: number; }; }; }' is not assignable to type 'Variants'.
  Property 'visible' is incompatible with index signature.
    Type '(i?: number) => { opacity: number; y: number; scale: number; transition: { delay: number; type: string; stiffness: number; damping: number; }; }' is not assignable to type 'Variant'.
      Type '(i?: number) => { opacity: number; y: number; scale: number; transition: { delay: number; type: string; stiffness: number; damping: number; }; }' is not assignable to type 'TargetResolver'.
        Type '{ opacity: number; y: number; scale: number; transition: { delay: number; type: string; stiffness: number; damping: number; }; }' is not assignable to type 'string | TargetAndTransition'.
          Type '{ opacity: number; y: number; scale: number; transition: { delay: number; type: string; stiffness: number; damping: number; }; }' is not assignable to type 'TargetAndTransition'.
            Type '{ opacity: number; y: number; scale: number; transition: { delay: number; type: string; stiffness: number; damping: number; }; }' is not assignable to type '{ transition?: Transition<any> | undefined; transitionEnd?: ResolvedValues$1 | undefined; }'.
              Types of property 'transition' are incompatible.
                Type '{ delay: number; type: string; stiffness: number; damping: number; }' is not assignable to type 'Transition<any> | undefined'.
                  Type '{ delay: number; type: string; stiffness: number; damping: number; }' is not assignable to type 'TransitionWithValueOverrides<any>'.
                    Type '{ delay: number; type: string; stiffness: number; damping: number; }' is not assignable to type 'ValueAnimationTransition<any>'.
                      Types of property 'type' are incompatible.
                        Type 'string' is not assignable to type 'AnimationGeneratorType | undefined'.
src/components/Hero.tsx(99,15): error TS2322: Type '{ hidden: { opacity: number; y: number; scale: number; }; visible: (i?: number) => { opacity: number; y: number; scale: number; transition: { delay: number; type: string; stiffness: number; damping: number; }; }; }' is not assignable to type 'Variants'.
  Property 'visible' is incompatible with index signature.
    Type '(i?: number) => { opacity: number; y: number; scale: number; transition: { delay: number; type: string; stiffness: number; damping: number; }; }' is not assignable to type 'Variant'.
      Type '(i?: number) => { opacity: number; y: number; scale: number; transition: { delay: number; type: string; stiffness: number; damping: number; }; }' is not assignable to type 'TargetResolver'.
        Type '{ opacity: number; y: number; scale: number; transition: { delay: number; type: string; stiffness: number; damping: number; }; }' is not assignable to type 'string | TargetAndTransition'.
          Type '{ opacity: number; y: number; scale: number; transition: { delay: number; type: string; stiffness: number; damping: number; }; }' is not assignable to type 'TargetAndTransition'.
            Type '{ opacity: number; y: number; scale: number; transition: { delay: number; type: string; stiffness: number; damping: number; }; }' is not assignable to type '{ transition?: Transition<any> | undefined; transitionEnd?: ResolvedValues$1 | undefined; }'.
              Types of property 'transition' are incompatible.
                Type '{ delay: number; type: string; stiffness: number; damping: number; }' is not assignable to type 'Transition<any> | undefined'.
                  Type '{ delay: number; type: string; stiffness: number; damping: number; }' is not assignable to type 'TransitionWithValueOverrides<any>'.
                    Type '{ delay: number; type: string; stiffness: number; damping: number; }' is not assignable to type 'ValueAnimationTransition<any>'.
                      Types of property 'type' are incompatible.
                        Type 'string' is not assignable to type 'AnimationGeneratorType | undefined'.
